Archive member included because of file (symbol)

/home/ajarax/local/avr/lib/gcc/avr/4.8.1/avr5/libgcc.a(_exit.o)
                              /home/ajarax/local/avr/lib/gcc/avr/4.8.1/../../../../avr/lib/avr5/crtm16.o (exit)
/home/ajarax/local/avr/lib/gcc/avr/4.8.1/avr5/libgcc.a(_clear_bss.o)
                              build/main.o (__do_clear_bss)

Allocating common symbols
Common symbol       size              file

adcBuffer           0x2               build/main.o
usartValue          0x1               build/main.o
transmissionEnabled
                    0x1               build/main.o
adcBufferValidFlag  0x1               build/main.o

Memory Configuration

Name             Origin             Length             Attributes
text             0x00000000         0x00020000         xr
data             0x00800060         0x0000ffa0         rw !x
eeprom           0x00810000         0x00010000         rw !x
fuse             0x00820000         0x00000400         rw !x
lock             0x00830000         0x00000400         rw !x
signature        0x00840000         0x00000400         rw !x
*default*        0x00000000         0xffffffff

Linker script and memory map

LOAD /home/ajarax/local/avr/lib/gcc/avr/4.8.1/../../../../avr/lib/avr5/crtm16.o
LOAD build/main.o
LOAD /home/ajarax/local/avr/lib/gcc/avr/4.8.1/../../../../avr/lib/avr5/libm.a
START GROUP
LOAD /home/ajarax/local/avr/lib/gcc/avr/4.8.1/avr5/libgcc.a
LOAD /home/ajarax/local/avr/lib/gcc/avr/4.8.1/../../../../avr/lib/avr5/libm.a
LOAD /home/ajarax/local/avr/lib/gcc/avr/4.8.1/../../../../avr/lib/avr5/libc.a
END GROUP

.hash
 *(.hash)

.dynsym
 *(.dynsym)

.dynstr
 *(.dynstr)

.gnu.version
 *(.gnu.version)

.gnu.version_d
 *(.gnu.version_d)

.gnu.version_r
 *(.gnu.version_r)

.rel.init
 *(.rel.init)

.rela.init
 *(.rela.init)

.rel.text
 *(.rel.text)
 *(.rel.text.*)
 *(.rel.gnu.linkonce.t*)

.rela.text
 *(.rela.text)
 *(.rela.text.*)
 *(.rela.gnu.linkonce.t*)

.rel.fini
 *(.rel.fini)

.rela.fini
 *(.rela.fini)

.rel.rodata
 *(.rel.rodata)
 *(.rel.rodata.*)
 *(.rel.gnu.linkonce.r*)

.rela.rodata
 *(.rela.rodata)
 *(.rela.rodata.*)
 *(.rela.gnu.linkonce.r*)

.rel.data
 *(.rel.data)
 *(.rel.data.*)
 *(.rel.gnu.linkonce.d*)

.rela.data
 *(.rela.data)
 *(.rela.data.*)
 *(.rela.gnu.linkonce.d*)

.rel.ctors
 *(.rel.ctors)

.rela.ctors
 *(.rela.ctors)

.rel.dtors
 *(.rel.dtors)

.rela.dtors
 *(.rela.dtors)

.rel.got
 *(.rel.got)

.rela.got
 *(.rela.got)

.rel.bss
 *(.rel.bss)

.rela.bss
 *(.rela.bss)

.rel.plt
 *(.rel.plt)

.rela.plt
 *(.rela.plt)

.text           0x00000000      0x1d4
 *(.vectors)
 .vectors       0x00000000       0x54 /home/ajarax/local/avr/lib/gcc/avr/4.8.1/../../../../avr/lib/avr5/crtm16.o
                0x00000000                __vectors
                0x00000000                __vector_default
 *(.vectors)
 *(.progmem.gcc*)
 *(.progmem*)
                0x00000054                . = ALIGN (0x2)
                0x00000054                __trampolines_start = .
 *(.trampolines)
 .trampolines   0x00000054        0x0 linker stubs
 *(.trampolines*)
                0x00000054                __trampolines_end = .
 *(.jumptables)
 *(.jumptables*)
 *(.lowtext)
 *(.lowtext*)
                0x00000054                __ctors_start = .
 *(.ctors)
                0x00000054                __ctors_end = .
                0x00000054                __dtors_start = .
 *(.dtors)
                0x00000054                __dtors_end = .
 SORT(*)(.ctors)
 SORT(*)(.dtors)
 *(.init0)
 .init0         0x00000054        0x0 /home/ajarax/local/avr/lib/gcc/avr/4.8.1/../../../../avr/lib/avr5/crtm16.o
                0x00000054                __init
 *(.init0)
 *(.init1)
 *(.init1)
 *(.init2)
 .init2         0x00000054        0xc /home/ajarax/local/avr/lib/gcc/avr/4.8.1/../../../../avr/lib/avr5/crtm16.o
 *(.init2)
 *(.init3)
 *(.init3)
 *(.init4)
 .init4         0x00000060       0x10 /home/ajarax/local/avr/lib/gcc/avr/4.8.1/avr5/libgcc.a(_clear_bss.o)
                0x00000060                __do_clear_bss
 *(.init4)
 *(.init5)
 *(.init5)
 *(.init6)
 *(.init6)
 *(.init7)
 *(.init7)
 *(.init8)
 *(.init8)
 *(.init9)
 .init9         0x00000070        0x8 /home/ajarax/local/avr/lib/gcc/avr/4.8.1/../../../../avr/lib/avr5/crtm16.o
 *(.init9)
 *(.text)
 .text          0x00000078        0x4 /home/ajarax/local/avr/lib/gcc/avr/4.8.1/../../../../avr/lib/avr5/crtm16.o
                0x00000078                __vector_1
                0x00000078                __vector_12
                0x00000078                __bad_interrupt
                0x00000078                __vector_6
                0x00000078                __vector_3
                0x00000078                __vector_13
                0x00000078                __vector_17
                0x00000078                __vector_19
                0x00000078                __vector_7
                0x00000078                __vector_5
                0x00000078                __vector_4
                0x00000078                __vector_9
                0x00000078                __vector_2
                0x00000078                __vector_15
                0x00000078                __vector_8
                0x00000078                __vector_10
                0x00000078                __vector_16
                0x00000078                __vector_18
                0x00000078                __vector_20
 .text          0x0000007c      0x122 build/main.o
                0x0000007c                ADCInit
                0x00000094                disableADC
                0x00000098                analogRead
                0x000000ac                USARTInit
                0x000000ca                USARTSendByte
                0x000000d2                USARTReceiveByte
                0x000000da                USARTSendString
                0x0000010a                __vector_11
                0x00000170                __vector_14
 .text          0x0000019e        0x0 /home/ajarax/local/avr/lib/gcc/avr/4.8.1/avr5/libgcc.a(_exit.o)
 .text          0x0000019e        0x0 /home/ajarax/local/avr/lib/gcc/avr/4.8.1/avr5/libgcc.a(_clear_bss.o)
                0x0000019e                . = ALIGN (0x2)
 *(.text.*)
 .text.startup  0x0000019e       0x32 build/main.o
                0x0000019e                main
 .text.libgcc.mul
                0x000001d0        0x0 /home/ajarax/local/avr/lib/gcc/avr/4.8.1/avr5/libgcc.a(_exit.o)
 .text.libgcc.div
                0x000001d0        0x0 /home/ajarax/local/avr/lib/gcc/avr/4.8.1/avr5/libgcc.a(_exit.o)
 .text.libgcc   0x000001d0        0x0 /home/ajarax/local/avr/lib/gcc/avr/4.8.1/avr5/libgcc.a(_exit.o)
 .text.libgcc.prologue
                0x000001d0        0x0 /home/ajarax/local/avr/lib/gcc/avr/4.8.1/avr5/libgcc.a(_exit.o)
 .text.libgcc.builtins
                0x000001d0        0x0 /home/ajarax/local/avr/lib/gcc/avr/4.8.1/avr5/libgcc.a(_exit.o)
 .text.libgcc.fmul
                0x000001d0        0x0 /home/ajarax/local/avr/lib/gcc/avr/4.8.1/avr5/libgcc.a(_exit.o)
 .text.libgcc.fixed
                0x000001d0        0x0 /home/ajarax/local/avr/lib/gcc/avr/4.8.1/avr5/libgcc.a(_exit.o)
 .text.libgcc.mul
                0x000001d0        0x0 /home/ajarax/local/avr/lib/gcc/avr/4.8.1/avr5/libgcc.a(_clear_bss.o)
 .text.libgcc.div
                0x000001d0        0x0 /home/ajarax/local/avr/lib/gcc/avr/4.8.1/avr5/libgcc.a(_clear_bss.o)
 .text.libgcc   0x000001d0        0x0 /home/ajarax/local/avr/lib/gcc/avr/4.8.1/avr5/libgcc.a(_clear_bss.o)
 .text.libgcc.prologue
                0x000001d0        0x0 /home/ajarax/local/avr/lib/gcc/avr/4.8.1/avr5/libgcc.a(_clear_bss.o)
 .text.libgcc.builtins
                0x000001d0        0x0 /home/ajarax/local/avr/lib/gcc/avr/4.8.1/avr5/libgcc.a(_clear_bss.o)
 .text.libgcc.fmul
                0x000001d0        0x0 /home/ajarax/local/avr/lib/gcc/avr/4.8.1/avr5/libgcc.a(_clear_bss.o)
 .text.libgcc.fixed
                0x000001d0        0x0 /home/ajarax/local/avr/lib/gcc/avr/4.8.1/avr5/libgcc.a(_clear_bss.o)
                0x000001d0                . = ALIGN (0x2)
 *(.fini9)
 .fini9         0x000001d0        0x0 /home/ajarax/local/avr/lib/gcc/avr/4.8.1/avr5/libgcc.a(_exit.o)
                0x000001d0                exit
                0x000001d0                _exit
 *(.fini9)
 *(.fini8)
 *(.fini8)
 *(.fini7)
 *(.fini7)
 *(.fini6)
 *(.fini6)
 *(.fini5)
 *(.fini5)
 *(.fini4)
 *(.fini4)
 *(.fini3)
 *(.fini3)
 *(.fini2)
 *(.fini2)
 *(.fini1)
 *(.fini1)
 *(.fini0)
 .fini0         0x000001d0        0x4 /home/ajarax/local/avr/lib/gcc/avr/4.8.1/avr5/libgcc.a(_exit.o)
 *(.fini0)
                0x000001d4                _etext = .

.data           0x00800060        0x0 load address 0x000001d4
                0x00800060                PROVIDE (__data_start, .)
 *(.data)
 .data          0x00800060        0x0 /home/ajarax/local/avr/lib/gcc/avr/4.8.1/../../../../avr/lib/avr5/crtm16.o
 .data          0x00800060        0x0 build/main.o
 .data          0x00800060        0x0 /home/ajarax/local/avr/lib/gcc/avr/4.8.1/avr5/libgcc.a(_exit.o)
 .data          0x00800060        0x0 /home/ajarax/local/avr/lib/gcc/avr/4.8.1/avr5/libgcc.a(_clear_bss.o)
 *(.data*)
 *(.rodata)
 *(.rodata*)
 *(.gnu.linkonce.d*)
                0x00800060                . = ALIGN (0x2)
                0x00800060                _edata = .
                0x00800060                PROVIDE (__data_end, .)

.bss            0x00800060        0x5
                0x00800060                PROVIDE (__bss_start, .)
 *(.bss)
 .bss           0x00800060        0x0 /home/ajarax/local/avr/lib/gcc/avr/4.8.1/../../../../avr/lib/avr5/crtm16.o
 .bss           0x00800060        0x0 build/main.o
 .bss           0x00800060        0x0 /home/ajarax/local/avr/lib/gcc/avr/4.8.1/avr5/libgcc.a(_exit.o)
 .bss           0x00800060        0x0 /home/ajarax/local/avr/lib/gcc/avr/4.8.1/avr5/libgcc.a(_clear_bss.o)
 *(.bss*)
 *(COMMON)
 COMMON         0x00800060        0x5 build/main.o
                0x00800060                adcBuffer
                0x00800062                usartValue
                0x00800063                transmissionEnabled
                0x00800064                adcBufferValidFlag
                0x00800065                PROVIDE (__bss_end, .)
                0x000001d4                __data_load_start = LOADADDR (.data)
                0x000001d4                __data_load_end = (__data_load_start + SIZEOF (.data))

.noinit         0x00800065        0x0
                0x00800065                PROVIDE (__noinit_start, .)
 *(.noinit*)
                0x00800065                PROVIDE (__noinit_end, .)
                0x00800065                _end = .
                0x00800065                PROVIDE (__heap_start, .)

.eeprom         0x00810000        0x0
 *(.eeprom*)
                0x00810000                __eeprom_end = .

.fuse
 *(.fuse)
 *(.lfuse)
 *(.hfuse)
 *(.efuse)

.lock
 *(.lock*)

.signature
 *(.signature*)

.stab           0x00000000      0x6cc
 *(.stab)
 .stab          0x00000000      0x6cc /home/ajarax/local/avr/lib/gcc/avr/4.8.1/../../../../avr/lib/avr5/crtm16.o

.stabstr        0x00000000       0x54
 *(.stabstr)
 .stabstr       0x00000000       0x54 /home/ajarax/local/avr/lib/gcc/avr/4.8.1/../../../../avr/lib/avr5/crtm16.o

.stab.excl
 *(.stab.excl)

.stab.exclstr
 *(.stab.exclstr)

.stab.index
 *(.stab.index)

.stab.indexstr
 *(.stab.indexstr)

.comment        0x00000000       0x11
 *(.comment)
 .comment       0x00000000       0x11 build/main.o
                                 0x12 (size before relaxing)

.debug
 *(.debug)

.line
 *(.line)

.debug_srcinfo
 *(.debug_srcinfo)

.debug_sfnames
 *(.debug_sfnames)

.debug_aranges  0x00000000       0x68
 *(.debug_aranges)
 .debug_aranges
                0x00000000       0x28 build/main.o
 .debug_aranges
                0x00000028       0x20 /home/ajarax/local/avr/lib/gcc/avr/4.8.1/avr5/libgcc.a(_exit.o)
 .debug_aranges
                0x00000048       0x20 /home/ajarax/local/avr/lib/gcc/avr/4.8.1/avr5/libgcc.a(_clear_bss.o)

.debug_pubnames
 *(.debug_pubnames)

.debug_info     0x00000000      0x4af
 *(.debug_info)
 .debug_info    0x00000000      0x399 build/main.o
 .debug_info    0x00000399       0x8b /home/ajarax/local/avr/lib/gcc/avr/4.8.1/avr5/libgcc.a(_exit.o)
 .debug_info    0x00000424       0x8b /home/ajarax/local/avr/lib/gcc/avr/4.8.1/avr5/libgcc.a(_clear_bss.o)
 *(.gnu.linkonce.wi.*)

.debug_abbrev   0x00000000      0x23e
 *(.debug_abbrev)
 .debug_abbrev  0x00000000      0x216 build/main.o
 .debug_abbrev  0x00000216       0x14 /home/ajarax/local/avr/lib/gcc/avr/4.8.1/avr5/libgcc.a(_exit.o)
 .debug_abbrev  0x0000022a       0x14 /home/ajarax/local/avr/lib/gcc/avr/4.8.1/avr5/libgcc.a(_clear_bss.o)

.debug_line     0x00000000      0x1f7
 *(.debug_line)
 .debug_line    0x00000000      0x13b build/main.o
 .debug_line    0x0000013b       0x5b /home/ajarax/local/avr/lib/gcc/avr/4.8.1/avr5/libgcc.a(_exit.o)
 .debug_line    0x00000196       0x61 /home/ajarax/local/avr/lib/gcc/avr/4.8.1/avr5/libgcc.a(_clear_bss.o)

.debug_frame    0x00000000      0x134
 *(.debug_frame)
 .debug_frame   0x00000000      0x134 build/main.o

.debug_str      0x00000000      0x1fe
 *(.debug_str)
 .debug_str     0x00000000      0x1fe build/main.o
                                0x237 (size before relaxing)

.debug_loc      0x00000000      0x247
 *(.debug_loc)
 .debug_loc     0x00000000      0x247 build/main.o

.debug_macinfo
 *(.debug_macinfo)

.debug_pubtypes
 *(.debug_pubtypes)

.debug_ranges   0x00000000       0x18
 *(.debug_ranges)
 .debug_ranges  0x00000000       0x18 build/main.o

.debug_macro
 *(.debug_macro)
OUTPUT(.dist/main.elf elf32-avr)
LOAD linker stubs

Cross Reference Table

Symbol                                            File
ADCInit                                           build/main.o
USARTInit                                         build/main.o
USARTReceiveByte                                  build/main.o
USARTSendByte                                     build/main.o
USARTSendString                                   build/main.o
__bad_interrupt                                   /home/ajarax/local/avr/lib/gcc/avr/4.8.1/../../../../avr/lib/avr5/crtm16.o
__bss_end                                         /home/ajarax/local/avr/lib/gcc/avr/4.8.1/avr5/libgcc.a(_clear_bss.o)
__bss_start                                       /home/ajarax/local/avr/lib/gcc/avr/4.8.1/avr5/libgcc.a(_clear_bss.o)
__do_clear_bss                                    /home/ajarax/local/avr/lib/gcc/avr/4.8.1/avr5/libgcc.a(_clear_bss.o)
                                                  build/main.o
__heap_end                                        /home/ajarax/local/avr/lib/gcc/avr/4.8.1/../../../../avr/lib/avr5/crtm16.o
__init                                            /home/ajarax/local/avr/lib/gcc/avr/4.8.1/../../../../avr/lib/avr5/crtm16.o
__stack                                           /home/ajarax/local/avr/lib/gcc/avr/4.8.1/../../../../avr/lib/avr5/crtm16.o
__vector_1                                        /home/ajarax/local/avr/lib/gcc/avr/4.8.1/../../../../avr/lib/avr5/crtm16.o
__vector_10                                       /home/ajarax/local/avr/lib/gcc/avr/4.8.1/../../../../avr/lib/avr5/crtm16.o
__vector_11                                       build/main.o
                                                  /home/ajarax/local/avr/lib/gcc/avr/4.8.1/../../../../avr/lib/avr5/crtm16.o
__vector_12                                       /home/ajarax/local/avr/lib/gcc/avr/4.8.1/../../../../avr/lib/avr5/crtm16.o
__vector_13                                       /home/ajarax/local/avr/lib/gcc/avr/4.8.1/../../../../avr/lib/avr5/crtm16.o
__vector_14                                       build/main.o
                                                  /home/ajarax/local/avr/lib/gcc/avr/4.8.1/../../../../avr/lib/avr5/crtm16.o
__vector_15                                       /home/ajarax/local/avr/lib/gcc/avr/4.8.1/../../../../avr/lib/avr5/crtm16.o
__vector_16                                       /home/ajarax/local/avr/lib/gcc/avr/4.8.1/../../../../avr/lib/avr5/crtm16.o
__vector_17                                       /home/ajarax/local/avr/lib/gcc/avr/4.8.1/../../../../avr/lib/avr5/crtm16.o
__vector_18                                       /home/ajarax/local/avr/lib/gcc/avr/4.8.1/../../../../avr/lib/avr5/crtm16.o
__vector_19                                       /home/ajarax/local/avr/lib/gcc/avr/4.8.1/../../../../avr/lib/avr5/crtm16.o
__vector_2                                        /home/ajarax/local/avr/lib/gcc/avr/4.8.1/../../../../avr/lib/avr5/crtm16.o
__vector_20                                       /home/ajarax/local/avr/lib/gcc/avr/4.8.1/../../../../avr/lib/avr5/crtm16.o
__vector_3                                        /home/ajarax/local/avr/lib/gcc/avr/4.8.1/../../../../avr/lib/avr5/crtm16.o
__vector_4                                        /home/ajarax/local/avr/lib/gcc/avr/4.8.1/../../../../avr/lib/avr5/crtm16.o
__vector_5                                        /home/ajarax/local/avr/lib/gcc/avr/4.8.1/../../../../avr/lib/avr5/crtm16.o
__vector_6                                        /home/ajarax/local/avr/lib/gcc/avr/4.8.1/../../../../avr/lib/avr5/crtm16.o
__vector_7                                        /home/ajarax/local/avr/lib/gcc/avr/4.8.1/../../../../avr/lib/avr5/crtm16.o
__vector_8                                        /home/ajarax/local/avr/lib/gcc/avr/4.8.1/../../../../avr/lib/avr5/crtm16.o
__vector_9                                        /home/ajarax/local/avr/lib/gcc/avr/4.8.1/../../../../avr/lib/avr5/crtm16.o
__vector_default                                  /home/ajarax/local/avr/lib/gcc/avr/4.8.1/../../../../avr/lib/avr5/crtm16.o
__vectors                                         /home/ajarax/local/avr/lib/gcc/avr/4.8.1/../../../../avr/lib/avr5/crtm16.o
_exit                                             /home/ajarax/local/avr/lib/gcc/avr/4.8.1/avr5/libgcc.a(_exit.o)
adcBuffer                                         build/main.o
adcBufferValidFlag                                build/main.o
analogRead                                        build/main.o
disableADC                                        build/main.o
exit                                              /home/ajarax/local/avr/lib/gcc/avr/4.8.1/avr5/libgcc.a(_exit.o)
                                                  /home/ajarax/local/avr/lib/gcc/avr/4.8.1/../../../../avr/lib/avr5/crtm16.o
main                                              build/main.o
                                                  /home/ajarax/local/avr/lib/gcc/avr/4.8.1/../../../../avr/lib/avr5/crtm16.o
transmissionEnabled                               build/main.o
usartValue                                        build/main.o
